// Jest Snapshot v1, https://goo.gl/fbAQLP

exports[`Scaffold Utils [E2E] should build the scaffold 1`] = `
Array [
  ".git",
  ".gitignore",
  "nest-cli.json",
  "package.json",
  "src",
  "test",
  "tsconfig.build.json",
  "tsconfig.json",
  "tslint.json",
]
`;
