// Jest Snapshot v1, https://goo.gl/fbAQLP

exports[`Add Approuter should detect and fail if there are conflicts 1`] = `[Error: A file with the name "xs-security.json" already exists. If you want to overwrite it, rerun the command with \`--force\`.]`;
